// Jest Snapshot v1, https://goo.gl/fbAQLP

exports[`render matches snapshot 1`] = `
<nav
  className="navbar navbar-dark sticky-top bg-dark flex-md-nowrap p-0"
>
  <a
    className="navbar-brand col-sm-3 col-md-2 mr-0"
  >
    Assignment
  </a>
  <ul
    className="navbar-nav px-3"
  >
    <li
      className="nav-item text-nowrap"
    >
      <a
        className="nav-link"
      >
        Sign out
      </a>
    </li>
  </ul>
</nav>
`;
